// Jest Snapshot v1, https://goo.gl/fbAQLP

exports[`<Home /> renders 1`] = `
<div>
  <HelmetWrapper
    encodeSpecialCharacters={true}
  >
    <title>
      Dashboard
    </title>
  </HelmetWrapper>
  <Gx
    col={12}
  >
    <div
      className="rtv-content--entrance"
    >
      <h2>
        Welcome to your dashboard...
      </h2>
      <p>
        Track the polls you care about...
      </p>
    </div>
  </Gx>
</div>
`;
